c:\users\65907\onedrive\desktop\ass_03\clientproject\clientproject\x64\debug\vc143.pdb
c:\users\65907\onedrive\desktop\ass_03\clientproject\clientproject\x64\debug\vc143.idb
c:\users\65907\onedrive\desktop\ass_03\clientproject\clientproject\x64\debug\main.obj
c:\users\65907\onedrive\desktop\ass_03\clientproject\x64\debug\clientproject.exe
c:\users\65907\onedrive\desktop\ass_03\clientproject\x64\debug\clientproject.pdb
c:\users\65907\onedrive\desktop\ass_03\clientproject\clientproject\x64\debug\clientproject.ilk
c:\users\65907\onedrive\desktop\ass_03\clientproject\clientproject\x64\debug\ack.obj
c:\users\65907\onedrive\desktop\ass_03\clientproject\clientproject\x64\debug\filedata.obj
c:\users\65907\onedrive\desktop\ass_03\clientproject\clientproject\x64\debug\networkutility.obj
c:\users\65907\onedrive\desktop\ass_03\clientproject\clientproject\x64\debug\packet.obj
c:\users\65907\onedrive\desktop\ass_03\clientproject\clientproject\x64\debug\receiver.obj
c:\users\65907\onedrive\desktop\ass_03\clientproject\clientproject\x64\debug\safe_cout.obj
c:\users\65907\onedrive\desktop\ass_03\clientproject\clientproject\x64\debug\sender.obj
c:\users\65907\onedrive\desktop\ass_03\clientproject\clientproject\x64\debug\clientproject.tlog\cl.command.1.tlog
c:\users\65907\onedrive\desktop\ass_03\clientproject\clientproject\x64\debug\clientproject.tlog\cl.items.tlog
c:\users\65907\onedrive\desktop\ass_03\clientproject\clientproject\x64\debug\clientproject.tlog\cl.read.1.tlog
c:\users\65907\onedrive\desktop\ass_03\clientproject\clientproject\x64\debug\clientproject.tlog\cl.write.1.tlog
c:\users\65907\onedrive\desktop\ass_03\clientproject\clientproject\x64\debug\clientproject.tlog\link.command.1.tlog
c:\users\65907\onedrive\desktop\ass_03\clientproject\clientproject\x64\debug\clientproject.tlog\link.read.1.tlog
c:\users\65907\onedrive\desktop\ass_03\clientproject\clientproject\x64\debug\clientproject.tlog\link.secondary.1.tlog
c:\users\65907\onedrive\desktop\ass_03\clientproject\clientproject\x64\debug\clientproject.tlog\link.write.1.tlog
